Script started on Thu 21 Mar 2019 05:07:15 PM EDT
topiwal3@dh2026pc01:~/209_repo/t10$ gdb bufserver
GNU gdb (Ubuntu 7.11.1-0ubuntu1~16.5) 7.11.1
Copyright (C) 2016 Free Software Foundation, Inc.
License GPLv3+: GNU GPL version 3 or later <http://gnu.org/licenses/gpl.html>
This is free software: you are free to change and redistribute it.
There is NO WARRANTY, to the extent permitted by law.  Type "show copying"
and "show warranty" for details.
This GDB was configured as "x86_64-linux-gnu".
Type "show configuration" for configuration details.
For bug reporting instructions, please see:
<http://www.gnu.org/software/gdb/bugs/>.
Find the GDB manual and other documentation resources online at:
<http://www.gnu.org/software/gdb/documentation/>.
For help, type "help".
Type "apropos word" to search for commands related to "word"...
Reading symbols from bufserver...done.
(gdb) break ste[K[Keti[Kup_serevr[K[K[Kver_socket
Breakpoint 1 at 0x4016e2: file socket.c, line 33.
(gdb) next
The program is not being run.
(gdb) ./bufserver
Undefined command: "".  Try "help".
(gdb) run
Starting program: /student/topiwal3/209_repo/t10/bufserver 
[Thread debugging using libthread_db enabled]
Using host libthread_db library "/lib/x86_64-linux-gnu/libthread_db.so.1".

Breakpoint 1, setup_server_socket (self=0x60200000eff0, num_queue=5)
    at socket.c:33
33	int setup_server_socket(struct sockaddr_in *self, int num_queue) {
(gdb) next
34	    int soc = socket(PF_INET, SOCK_STREAM, 0);
(gdb) 
35	    if (soc < 0) {
(gdb) 
42	    int on = 1;
(gdb) 
43	    int status = setsockopt(soc, SOL_SOCKET, SO_REUSEADDR,
(gdb) 
45	    if (status < 0) {
(gdb) 
51	    if (bind(soc, (struct sockaddr *)self, sizeof(*self)) < 0) {
(gdb) 
58	    if (listen(soc, num_queue) < 0) {
(gdb) 
64	    return soc;
(gdb) 
33	int setup_server_socket(struct sockaddr_in *self, int num_queue) {
(gdb) 
65	}
(gdb) 
main () at bufserver.c:27
27	        int fd = accept_connection(listenfd);
(gdb) 
Waiting for a new connection...
New connection accepted from 127.0.0.1:34992
28	        if (fd < 0) {
(gdb) 
33	        char buf[BUFSIZE] = {'\0'};
(gdb) 
34	        int inbuf = 0;           // How many bytes currently in buffer?
(gdb) 
35	        int room = sizeof(buf);  // How many bytes remaining in buffer?
(gdb) 
36	        char *after = buf;       // Pointer to position after the data in buf
(gdb) 
39	        while ((nbytes = read(fd, after, room)) > 0) { 
(gdb) 
41	            inbuf+= nbytes;
(gdb) 
52	            while ((where = find_network_newline(buf, inbuf)) > 0) {
(gdb) 
61	                buf[where-2] = '\0';//Q: do i have to move the other values forward(and remove the '\n'?
(gdb) 
63	                printf("Next message: %s\n", buf);
(gdb) 
Next message: A stitch in time
73	                int number_of_bytes = inbuf-where;
(gdb) 
74	                memmove(&buf[0], &buf[where], number_of_bytes);
(gdb) 
75	                inbuf = number_of_bytes;
(gdb) 
52	            while ((where = find_network_newline(buf, inbuf)) > 0) {
(gdb) 
82	            room = sizeof(buf) - inbuf;
(gdb) 
83	            after = &buf[inbuf];
(gdb) 
39	        while ((nbytes = read(fd, after, room)) > 0) { 
(gdb) 
41	            inbuf+= nbytes;
(gdb) 
52	            while ((where = find_network_newline(buf, inbuf)) > 0) {
(gdb) 
61	                buf[where-2] = '\0';//Q: do i have to move the other values forward(and remove the '\n'?
(gdb) 
63	                printf("Next message: %s\n", buf);
(gdb) 
Next message: A stitch in time
73	                int number_of_bytes = inbuf-where;
(gdb) 
74	                memmove(&buf[0], &buf[where], number_of_bytes);
(gdb) 
75	                inbuf = number_of_bytes;
(gdb) 
52	            while ((where = find_network_newline(buf, inbuf)) > 0) {
(gdb) 
82	            room = sizeof(buf) - inbuf;
(gdb) 
83	            after = &buf[inbuf];
(gdb) 
39	        while ((nbytes = read(fd, after, room)) > 0) { 
(gdb) 
41	            inbuf+= nbytes;
(gdb) 
52	            while ((where = find_network_newline(buf, inbuf)) > 0) {
(gdb) 
61	                buf[where-2] = '\0';//Q: do i have to move the other values forward(and remove the '\n'?
(gdb) 
63	                printf("Next message: %s\n", buf);
(gdb) 
Next message: A stitch in time
73	                int number_of_bytes = inbuf-where;
(gdb) 
74	                memmove(&buf[0], &buf[where], number_of_bytes);
(gdb) 
75	                inbuf = number_of_bytes;
(gdb) 
52	            while ((where = find_network_newline(buf, inbuf)) > 0) {
(gdb) 
82	            room = sizeof(buf) - inbuf;
(gdb) 
83	            after = &buf[inbuf];
(gdb) 
39	        while ((nbytes = read(fd, after, room)) > 0) { 
(gdb) 
41	            inbuf+= nbytes;
(gdb) 
52	            while ((where = find_network_newline(buf, inbuf)) > 0) {
(gdb) 
61	                buf[where-2] = '\0';//Q: do i have to move the other values forward(and remove the '\n'?
(gdb) 
63	                printf("Next message: %s\n", buf);
(gdb) 
Next message: A stitch in time
73	                int number_of_bytes = inbuf-where;
(gdb) 
74	                memmove(&buf[0], &buf[where], number_of_bytes);
(gdb) 
75	                inbuf = number_of_bytes;
(gdb) 
52	            while ((where = find_network_newline(buf, inbuf)) > 0) {
(gdb) 
82	            room = sizeof(buf) - inbuf;
(gdb) 
83	            after = &buf[inbuf];
(gdb) 
39	        while ((nbytes = read(fd, after, room)) > 0) { 
(gdb) 
41	            inbuf+= nbytes;
(gdb) 
52	            while ((where = find_network_newline(buf, inbuf)) > 0) {
(gdb) 
61	                buf[where-2] = '\0';//Q: do i have to move the other values forward(and remove the '\n'?
(gdb) 
63	                printf("Next message: %s\n", buf);
(gdb) 
Next message: A stitch in time
73	                int number_of_bytes = inbuf-where;
(gdb) 
74	                memmove(&buf[0], &buf[where], number_of_bytes);
(gdb) 
75	                inbuf = number_of_bytes;
(gdb) 
52	            while ((where = find_network_newline(buf, inbuf)) > 0) {
(gdb) 
82	            room = sizeof(buf) - inbuf;
(gdb) 
83	            after = &buf[inbuf];
(gdb) 
39	        while ((nbytes = read(fd, after, room)) > 0) { 
(gdb) 
87	        close(fd);
(gdb) 
27	        int fd = accept_connection(listenfd);
(gdb) 
Waiting for a new connection...

exit
^C  ^C
Program received signal SIGINT, Interrupt.
0x00007ffff6ba80a0 in __accept_nocancel ()
    at ../sysdeps/unix/syscall-template.S:84
84	../sysdeps/unix/syscall-template.S: No such file or directory.
(gdb) exit
Undefined command: "exit".  Try "help".
(gdb) quit
A debugging session is active.

	Inferior 1 [process 1458] will be killed.

Quit anyway? (y or n) y
topiwal3@dh2026pc01:~/209_repo/t10$ exit
exit

Script done on Thu 21 Mar 2019 05:13:43 PM EDT
